---
source: crates/svelte-transformer/tests/snapshots.rs
expression: output
---
=== Source ===
<script lang="ts">
  let {
    data = $bindable([]),
    value_mode = $bindable(DEFAULTS.treemap.value_mode),
    // descending (unlike Sunburst's input-order default): squarified tiling
    // reads best with the largest cell top-left and smallest bottom-right
    sort = `descending`,
    level_lighten = 0,
    min_fraction = $bindable(DEFAULTS.treemap.min_fraction),
    other_label = `Other`,
    max_depth = $bindable(DEFAULTS.treemap.max_depth),
    padding_inner = $bindable(DEFAULTS.treemap.padding_inner),
    padding_top = $bindable(DEFAULTS.treemap.padding_top),
    padding_outer = $bindable(DEFAULTS.treemap.padding_outer),
    show_labels = $bindable(DEFAULTS.treemap.show_labels),
    label_text = $bindable(DEFAULTS.treemap.label_text),
    label_formatter,
    label_fit = `shrink`,
    label_min_font_size = 6,
    label_max_font_size,
    parent_label_font_size = 14,
    zoom_on_click = $bindable(DEFAULTS.treemap.zoom_on_click),
    zoom_root_id = $bindable(null),
    show_breadcrumbs = $bindable(DEFAULTS.treemap.show_breadcrumbs),
    color_values,
    color_scale = SCALE_DEFAULTS.scheme,
    color_range,
    colorbar = {},
    export_buttons = true,
    export_filename = `treemap`,
    tween,
    value_format = `,`,
    padding = DEFAULT_PADDING,
    legend = {},
    show_legend = false,
    tooltip,
    cell_content,
    hovered = $bindable(false),
    change = () => {},
    on_node_click,
    on_node_hover,
    on_zoom,
    show_controls = $bindable(true),
    controls_open = $bindable(false),
    controls_toggle_props,
    controls_pane_props,
    fullscreen = $bindable(false),
    fullscreen_toggle = true,
    children,
    header_controls,
    controls_extra,
    ...rest
  }: HTMLAttributes<HTMLDivElement> &
    Omit<BasePlotProps, `change`> & {
      data?: TreemapNode<Metadata> | TreemapNode<Metadata>[]
      value_mode?: SunburstValueMode
      sort?: SunburstSort // default 'descending' (largest top-left); 'none' keeps input order
      level_lighten?: number
      // Aggregate sibling cells below this fraction of the total into one 'Other'
      // cell per parent (only when >= 2 qualify); 0 disables
      min_fraction?: number
      other_label?: string
      max_depth?: number // levels shown below the current zoom root (0 = all)
      padding_inner?: number // px gap between sibling cells
      padding_top?: number // px header strip on branch cells (0 = no headers)
      padding_outer?: number // px inset of children within their parent (plotly marker.pad)
      show_labels?: boolean
      label_text?: SunburstLabelText // what labels display (plotly textinfo equivalent)
      // Structured multiline labels. Unlike cell_content, this keeps built-in
      // hover/focus/click and tooltip behavior on the underlying cell.
      label_formatter?: TreemapLabelFormatter<Metadata>
      label_fit?: TreemapLabelFit // shrink-to-fit (default), hide, or clip at max size
      label_min_font_size?: number // px floor used by shrink mode
      label_max_font_size?: number // px ceiling for leaf/cutoff labels
      parent_label_font_size?: number // px size/ceiling for branch header labels
      zoom_on_click?: boolean
      zoom_root_id?: string | number | null // id of the cell the view is rooted on
      show_breadcrumbs?: boolean // clickable ancestor trail when zoomed
      // Color cells by a numeric metric (continuous colormap) instead of categorical
      // inheritance; return null to keep a cell's categorical color
      color_values?: (rect: PositionedArc<Metadata>) => number | null
      color_scale?: D3InterpolateName
      color_range?: Vec2 // defaults to the metric's [min, max]
      colorbar?: ComponentProps<typeof ColorBar> | null // null hides it
      export_buttons?: boolean // SVG/PNG download buttons in the controls pane
      export_filename?: string
      // Zoom transition timing (resizes/data swaps snap instantly, plotly-style).
      // interpolate is not overridable: the component's rect interpolator also
      // handles rect-array length changes on data swaps (default would throw)
      tween?: Omit<TweenOptions<Rect[]>, `interpolate`>
      value_format?: string
      padding?: Sides
      legend?: LegendConfig | null
      show_legend?: boolean
      tooltip?: Snippet<[TreemapNodeHandlerProps<Metadata>]>
      // Fully replace the default cell rect + labels. NOTE: this also replaces the
      // built-in hover/focus/click + tooltip wiring, so re-implement any
      // interactivity you need inside the snippet.
      cell_content?: Snippet<[{ arc: PositionedArc<Metadata>; rect: Rect }]>
      change?: (data: TreemapNodeHandlerProps<Metadata> | null) => void
      on_node_click?: (
        data: TreemapNodeHandlerProps<Metadata> & { event: MouseEvent | KeyboardEvent },
      ) => void
      on_node_hover?: (
        data: (TreemapNodeHandlerProps<Metadata> & { event: MouseEvent | FocusEvent }) | null,
      ) => void
      on_zoom?: (data: { root: TreemapNodeHandlerProps<Metadata> | null }) => void
      header_controls?: Snippet<[{ height: number; width: number; fullscreen: boolean }]>
      controls_extra?: Snippet<[{ zoom_root_id: string | number | null }]>
    } = $props()

</script>


=== TSX Output ===
// Generated by svelte-check-rs
// This file is for type-checking only

import type { Component as __SvelteComponentType, ComponentInternals as __SvelteComponentInternals, Snippet as __SvelteSnippet, SvelteComponent as __SvelteLegacyComponent } from 'svelte';
import type { SvelteHTMLElements as __SvelteHTMLElements, HTMLAttributes as __SvelteHTMLAttributes } from 'svelte/elements';

// Helper functions for template type-checking
type __SvelteCssProps = { [K in `--${string}`]?: string | number };

// Isomorphic component type that supports both constructor (new) and call signatures
interface __SvelteComponent<
  Props extends Record<string, any> = {},
  Exports extends Record<string, any> = {}
> {
  // Constructor signature for `new Component({ target, props })`
  new (options: { target: any; props?: Props & __SvelteCssProps }): __SvelteLegacyComponent<Props, any, any> & Exports;
  // Call signature for Svelte 5 function components
  (internal: unknown, props: Props & __SvelteCssProps): Exports;
}

// Normalize legacy class components to a callable form.
type __SvelteCallableComponent<T> =
  T extends { new (options: { target: any; props?: infer P }): infer I }
    ? (internal: any, props: NonNullable<P>) => I
    : T;

type __SvelteEachItem<T> =
  0 extends (1 & T) ? any :
  T extends ArrayLike<infer U> ? U :
  T extends Iterable<infer U> ? U :
  never;

declare function __svelte_each_indexed<
  T extends ArrayLike<unknown> | Iterable<unknown> | null | undefined
>(arr: T): [number, __SvelteEachItem<T>][];
declare function __svelte_each<
  T extends ArrayLike<unknown> | Iterable<unknown> | null | undefined
>(arr: T): __SvelteEachItem<NonNullable<T>>[];
declare function __svelte_is_empty<T extends ArrayLike<unknown> | Iterable<unknown> | null | undefined>(arr: T): boolean;

// Helper to get store value type from store subscription ($store syntax)
declare function __svelte_store_get<T>(store: { subscribe(fn: (value: T) => void): any }): T;

// Helpers for $effect runes (avoid control-flow narrowing during type-checking)
declare function __svelte_effect(fn: () => void | (() => void)): void;
declare function __svelte_effect_pre(fn: () => void | (() => void)): void;
declare function __svelte_effect_root(fn: (...args: any[]) => any): void;

// Helper type to extract store value for typeof expressions
type __StoreValue<S> = S extends { subscribe(fn: (value: infer T) => void): any } ? T : never;

// Helper to mark specific props as optional without expanding complex unions.
type __SvelteOptionalProps<T, K extends keyof T> = Omit<T, K> & Partial<Pick<T, K>>;

// Component props are checked strictly: extra props on a component tag and extra
// destructured names both error, matching `svelte-check`. So this is an identity.
// (The earlier `{ [K in keyof T]: T[K]; [key: string]: unknown }` mixed a mapped
// type with an index signature — invalid TS (TS7061) that tsgo silently dropped
// to this same identity anyway.)
type __SvelteLoosen<T> = T;

// Helper for $props.<name>() accessors.
type __SveltePropsAccessor<T> = { [K in keyof T]: () => T[K] } & Record<string, () => any>;

// Shared snippet return value to satisfy Snippet return types.
declare const __svelte_snippet_return: ReturnType<__SvelteSnippet<[]>>;

// Helper type for DOM event handlers with typed currentTarget/target
type __SvelteEvent<Target extends EventTarget, E extends Event> = E & {
  currentTarget: Target;
  target: Target;
};

// Backwards-compatibility namespace for libraries augmenting `svelteHTML`.
declare global {
  namespace svelteHTML {
    interface HTMLAttributes<T extends EventTarget = any> {}
  }
}

// Helper types for element attribute name checking.
type __SvelteIntrinsicElements = __SvelteHTMLElements;
type __SvelteHTMLAttributesCompat<T extends EventTarget> =
  __SvelteHTMLAttributes<T> & svelteHTML.HTMLAttributes<T>;
type __SvelteEventProps<T> =
  T & { [K in keyof T as K extends `on:${infer E}` ? `on${E}` : never]?: T[K] };
type __SvelteElementAttributes<K extends string> =
  __SvelteEventProps<
    K extends keyof __SvelteIntrinsicElements
      ? __SvelteIntrinsicElements[K] & svelteHTML.HTMLAttributes<any>
      : __SvelteHTMLAttributesCompat<any>
  >;
type __SvelteEventHandler<K extends string, E extends string, A = {}> =
  A extends { [key in `on:${E}`]?: infer H }
    ? H | undefined
    : A extends { [key in `on${E}`]?: infer H }
      ? H | undefined
      : __SvelteElementAttributes<K> extends { [key in `on:${E}`]?: infer H }
        ? H | undefined
        : __SvelteElementAttributes<K> extends { [key in `on${E}`]?: infer H }
          ? H | undefined
          : ((e: Event) => void) | null | undefined;

type __SvelteAttachment<T extends EventTarget = Element> =
  (element: T) => void | (() => void);
declare function __svelte_ensure_attachment<T extends EventTarget>(
  attachment: __SvelteAttachment<T> | false | null | undefined,
  element: T
): void;

type __SvelteActionReturnType = {
  update?: (parameter: any) => void;
  destroy?: () => void;
  $$_attributes?: Record<string, any>;
} | void;
declare function __svelte_ensure_action<T extends __SvelteActionReturnType>(
  actionCall: T
): T extends { $$_attributes?: any } ? T["$$_attributes"] : {};

type __SvelteUnionToIntersection<U> =
  (U extends any ? (k: U) => void : never) extends (k: infer I) => void ? I : never;
declare function __svelte_union<T extends any[]>(...args: T): __SvelteUnionToIntersection<T[number]>;

declare function __svelte_create_element<K extends string, T>(
  tag: K | undefined | null,
  actionAttrs: T,
  attrs: __SvelteElementAttributes<K> & T
): void;

declare function __svelte_css_prop(props: Record<string, any>): {};

declare const __svelte_any: any;

// Component helper - returns the component as-is for type checking while
// widening empty-prop `Component` types and removing null/undefined.
declare function __svelte_ensure_component<T>(type: T): NonNullable<__SvelteCallableComponent<T>>;

declare module "svelte" {
  export function mount<Props extends Record<string, any>, Exports extends Record<string, any>>(
    component: __SvelteComponent<Props, Exports>,
    // `mount()` accepts extra props (matching svelte-check), but declared props
    // are still checked — `& Record<string, any>` admits the extras.
    options: Omit<MountOptions<Props>, "props"> & {
      props: Props & Record<string, any>;
    }
  ): Exports;
  export function mount(
    component: { __svelte_generic: true },
    options: { target: any; props?: Record<string, any>; [key: string]: any }
  ): Record<string, any>;
}

// === INSTANCE SCRIPT ===
async function __svelte_render() {

  let {
    data = $bindable([]),
    value_mode = $bindable(DEFAULTS.treemap.value_mode),
    // descending (unlike Sunburst's input-order default): squarified tiling
    // reads best with the largest cell top-left and smallest bottom-right
    sort = `descending`,
    level_lighten = 0,
    min_fraction = $bindable(DEFAULTS.treemap.min_fraction),
    other_label = `Other`,
    max_depth = $bindable(DEFAULTS.treemap.max_depth),
    padding_inner = $bindable(DEFAULTS.treemap.padding_inner),
    padding_top = $bindable(DEFAULTS.treemap.padding_top),
    padding_outer = $bindable(DEFAULTS.treemap.padding_outer),
    show_labels = $bindable(DEFAULTS.treemap.show_labels),
    label_text = $bindable(DEFAULTS.treemap.label_text),
    label_formatter,
    label_fit = `shrink`,
    label_min_font_size = 6,
    label_max_font_size,
    parent_label_font_size = 14,
    zoom_on_click = $bindable(DEFAULTS.treemap.zoom_on_click),
    zoom_root_id = $bindable(null),
    show_breadcrumbs = $bindable(DEFAULTS.treemap.show_breadcrumbs),
    color_values,
    color_scale = SCALE_DEFAULTS.scheme,
    color_range,
    colorbar = {},
    export_buttons = true,
    export_filename = `treemap`,
    tween,
    value_format = `,`,
    padding = DEFAULT_PADDING,
    legend = {},
    show_legend = false,
    tooltip,
    cell_content,
    hovered = $bindable(false),
    change = () => {},
    on_node_click,
    on_node_hover,
    on_zoom,
    show_controls = $bindable(true),
    controls_open = $bindable(false),
    controls_toggle_props,
    controls_pane_props,
    fullscreen = $bindable(false),
    fullscreen_toggle = true,
    children,
    header_controls,
    controls_extra,
    ...rest
  }: __SvelteLoosen<HTMLAttributes<HTMLDivElement> &
    Omit<BasePlotProps, `change`> & {
      data?: TreemapNode<Metadata> | TreemapNode<Metadata>[]
      value_mode?: SunburstValueMode
      sort?: SunburstSort // default 'descending' (largest top-left); 'none' keeps input order
      level_lighten?: number
      // Aggregate sibling cells below this fraction of the total into one 'Other'
      // cell per parent (only when >= 2 qualify); 0 disables
      min_fraction?: number
      other_label?: string
      max_depth?: number // levels shown below the current zoom root (0 = all)
      padding_inner?: number // px gap between sibling cells
      padding_top?: number // px header strip on branch cells (0 = no headers)
      padding_outer?: number // px inset of children within their parent (plotly marker.pad)
      show_labels?: boolean
      label_text?: SunburstLabelText // what labels display (plotly textinfo equivalent)
      // Structured multiline labels. Unlike cell_content, this keeps built-in
      // hover/focus/click and tooltip behavior on the underlying cell.
      label_formatter?: TreemapLabelFormatter<Metadata>
      label_fit?: TreemapLabelFit // shrink-to-fit (default), hide, or clip at max size
      label_min_font_size?: number // px floor used by shrink mode
      label_max_font_size?: number // px ceiling for leaf/cutoff labels
      parent_label_font_size?: number // px size/ceiling for branch header labels
      zoom_on_click?: boolean
      zoom_root_id?: string | number | null // id of the cell the view is rooted on
      show_breadcrumbs?: boolean // clickable ancestor trail when zoomed
      // Color cells by a numeric metric (continuous colormap) instead of categorical
      // inheritance; return null to keep a cell's categorical color
      color_values?: (rect: PositionedArc<Metadata>) => number | null
      color_scale?: D3InterpolateName
      color_range?: Vec2 // defaults to the metric's [min, max]
      colorbar?: ComponentProps<typeof ColorBar> | null // null hides it
      export_buttons?: boolean // SVG/PNG download buttons in the controls pane
      export_filename?: string
      // Zoom transition timing (resizes/data swaps snap instantly, plotly-style).
      // interpolate is not overridable: the component's rect interpolator also
      // handles rect-array length changes on data swaps (default would throw)
      tween?: Omit<TweenOptions<Rect[]>, `interpolate`>
      value_format?: string
      padding?: Sides
      legend?: LegendConfig | null
      show_legend?: boolean
      tooltip?: Snippet<[TreemapNodeHandlerProps<Metadata>]>
      // Fully replace the default cell rect + labels. NOTE: this also replaces the
      // built-in hover/focus/click + tooltip wiring, so re-implement any
      // interactivity you need inside the snippet.
      cell_content?: Snippet<[{ arc: PositionedArc<Metadata>; rect: Rect }]>
      change?: (data: TreemapNodeHandlerProps<Metadata> | null) => void
      on_node_click?: (
        data: TreemapNodeHandlerProps<Metadata> & { event: MouseEvent | KeyboardEvent },
      ) => void
      on_node_hover?: (
        data: (TreemapNodeHandlerProps<Metadata> & { event: MouseEvent | FocusEvent }) | null,
      ) => void
      on_zoom?: (data: { root: TreemapNodeHandlerProps<Metadata> | null }) => void
      header_controls?: Snippet<[{ height: number; width: number; fullscreen: boolean }]>
      controls_extra?: Snippet<[{ zoom_root_id: string | number | null }]>
    }> = ({} as __SvelteLoosen<HTMLAttributes<HTMLDivElement> &
    Omit<BasePlotProps, `change`> & {
      data?: TreemapNode<Metadata> | TreemapNode<Metadata>[]
      value_mode?: SunburstValueMode
      sort?: SunburstSort // default 'descending' (largest top-left); 'none' keeps input order
      level_lighten?: number
      // Aggregate sibling cells below this fraction of the total into one 'Other'
      // cell per parent (only when >= 2 qualify); 0 disables
      min_fraction?: number
      other_label?: string
      max_depth?: number // levels shown below the current zoom root (0 = all)
      padding_inner?: number // px gap between sibling cells
      padding_top?: number // px header strip on branch cells (0 = no headers)
      padding_outer?: number // px inset of children within their parent (plotly marker.pad)
      show_labels?: boolean
      label_text?: SunburstLabelText // what labels display (plotly textinfo equivalent)
      // Structured multiline labels. Unlike cell_content, this keeps built-in
      // hover/focus/click and tooltip behavior on the underlying cell.
      label_formatter?: TreemapLabelFormatter<Metadata>
      label_fit?: TreemapLabelFit // shrink-to-fit (default), hide, or clip at max size
      label_min_font_size?: number // px floor used by shrink mode
      label_max_font_size?: number // px ceiling for leaf/cutoff labels
      parent_label_font_size?: number // px size/ceiling for branch header labels
      zoom_on_click?: boolean
      zoom_root_id?: string | number | null // id of the cell the view is rooted on
      show_breadcrumbs?: boolean // clickable ancestor trail when zoomed
      // Color cells by a numeric metric (continuous colormap) instead of categorical
      // inheritance; return null to keep a cell's categorical color
      color_values?: (rect: PositionedArc<Metadata>) => number | null
      color_scale?: D3InterpolateName
      color_range?: Vec2 // defaults to the metric's [min, max]
      colorbar?: ComponentProps<typeof ColorBar> | null // null hides it
      export_buttons?: boolean // SVG/PNG download buttons in the controls pane
      export_filename?: string
      // Zoom transition timing (resizes/data swaps snap instantly, plotly-style).
      // interpolate is not overridable: the component's rect interpolator also
      // handles rect-array length changes on data swaps (default would throw)
      tween?: Omit<TweenOptions<Rect[]>, `interpolate`>
      value_format?: string
      padding?: Sides
      legend?: LegendConfig | null
      show_legend?: boolean
      tooltip?: Snippet<[TreemapNodeHandlerProps<Metadata>]>
      // Fully replace the default cell rect + labels. NOTE: this also replaces the
      // built-in hover/focus/click + tooltip wiring, so re-implement any
      // interactivity you need inside the snippet.
      cell_content?: Snippet<[{ arc: PositionedArc<Metadata>; rect: Rect }]>
      change?: (data: TreemapNodeHandlerProps<Metadata> | null) => void
      on_node_click?: (
        data: TreemapNodeHandlerProps<Metadata> & { event: MouseEvent | KeyboardEvent },
      ) => void
      on_node_hover?: (
        data: (TreemapNodeHandlerProps<Metadata> & { event: MouseEvent | FocusEvent }) | null,
      ) => void
      on_zoom?: (data: { root: TreemapNodeHandlerProps<Metadata> | null }) => void
      header_controls?: Snippet<[{ height: number; width: number; fullscreen: boolean }]>
      controls_extra?: Snippet<[{ zoom_root_id: string | number | null }]>
    }>)


;data;value_mode;min_fraction;max_depth;padding_inner;padding_top;padding_outer;show_labels;label_text;zoom_on_click;zoom_root_id;show_breadcrumbs;hovered;show_controls;controls_open;fullscreen;
return { props: null as any as HTMLAttributes<HTMLDivElement> &
    Omit<BasePlotProps, `change`> & {
      data?: TreemapNode<Metadata> | TreemapNode<Metadata>[]
      value_mode?: SunburstValueMode
      sort?: SunburstSort // default 'descending' (largest top-left); 'none' keeps input order
      level_lighten?: number
      // Aggregate sibling cells below this fraction of the total into one 'Other'
      // cell per parent (only when >= 2 qualify); 0 disables
      min_fraction?: number
      other_label?: string
      max_depth?: number // levels shown below the current zoom root (0 = all)
      padding_inner?: number // px gap between sibling cells
      padding_top?: number // px header strip on branch cells (0 = no headers)
      padding_outer?: number // px inset of children within their parent (plotly marker.pad)
      show_labels?: boolean
      label_text?: SunburstLabelText // what labels display (plotly textinfo equivalent)
      // Structured multiline labels. Unlike cell_content, this keeps built-in
      // hover/focus/click and tooltip behavior on the underlying cell.
      label_formatter?: TreemapLabelFormatter<Metadata>
      label_fit?: TreemapLabelFit // shrink-to-fit (default), hide, or clip at max size
      label_min_font_size?: number // px floor used by shrink mode
      label_max_font_size?: number // px ceiling for leaf/cutoff labels
      parent_label_font_size?: number // px size/ceiling for branch header labels
      zoom_on_click?: boolean
      zoom_root_id?: string | number | null // id of the cell the view is rooted on
      show_breadcrumbs?: boolean // clickable ancestor trail when zoomed
      // Color cells by a numeric metric (continuous colormap) instead of categorical
      // inheritance; return null to keep a cell's categorical color
      color_values?: (rect: PositionedArc<Metadata>) => number | null
      color_scale?: D3InterpolateName
      color_range?: Vec2 // defaults to the metric's [min, max]
      colorbar?: ComponentProps<typeof ColorBar> | null // null hides it
      export_buttons?: boolean // SVG/PNG download buttons in the controls pane
      export_filename?: string
      // Zoom transition timing (resizes/data swaps snap instantly, plotly-style).
      // interpolate is not overridable: the component's rect interpolator also
      // handles rect-array length changes on data swaps (default would throw)
      tween?: Omit<TweenOptions<Rect[]>, `interpolate`>
      value_format?: string
      padding?: Sides
      legend?: LegendConfig | null
      show_legend?: boolean
      tooltip?: Snippet<[TreemapNodeHandlerProps<Metadata>]>
      // Fully replace the default cell rect + labels. NOTE: this also replaces the
      // built-in hover/focus/click + tooltip wiring, so re-implement any
      // interactivity you need inside the snippet.
      cell_content?: Snippet<[{ arc: PositionedArc<Metadata>; rect: Rect }]>
      change?: (data: TreemapNodeHandlerProps<Metadata> | null) => void
      on_node_click?: (
        data: TreemapNodeHandlerProps<Metadata> & { event: MouseEvent | KeyboardEvent },
      ) => void
      on_node_hover?: (
        data: (TreemapNodeHandlerProps<Metadata> & { event: MouseEvent | FocusEvent }) | null,
      ) => void
      on_zoom?: (data: { root: TreemapNodeHandlerProps<Metadata> | null }) => void
      header_controls?: Snippet<[{ height: number; width: number; fullscreen: boolean }]>
      controls_extra?: Snippet<[{ zoom_root_id: string | number | null }]>
    }, exports: {}, slots: {}, events: {} };
}

// === COMPONENT TYPE EXPORT ===
type __SvelteProps_Test_ = Awaited<ReturnType<typeof __svelte_render>>["props"];
type __SvelteExports_Test_ = Awaited<ReturnType<typeof __svelte_render>>["exports"];
declare const __SvelteComponent_Test_: __SvelteComponent<__SvelteProps_Test_, __SvelteExports_Test_>;
export default __SvelteComponent_Test_;


=== Source Map Mappings: 37 ===
